// Jest Snapshot v1, https://goo.gl/fbAQLP

exports[`MyComponent should render correctly 1`] = `
ShallowWrapper {
  "length": 1,
  Symbol(enzyme.__root__): [Circular],
  Symbol(enzyme.__unrendered__): <MyPicker
    items={
      Array [
        Object {
          "label": "label1",
          "value": 1,
        },
        Object {
          "label": "label2",
          "value": 2,
        },
      ]
    }
    onValueChange={[MockFunction]}
    selectedValue={0}
  />,
  Symbol(enzyme.__renderer__): Object {
    "batchedUpdates": [Function],
    "getNode": [Function],
    "render": [Function],
    "simulateEvent": [Function],
    "unmount": [Function],
  },
  Symbol(enzyme.__node__): Object {
    "instance": null,
    "key": undefined,
    "nodeType": "class",
    "props": Object {
      "children": <Picker
        mode="dialog"
        onValueChange={[Function]}
        selectedValue={0}
        style={
          Object {
            "height": 50,
            "width": 100,
          }
        }
      >
        <PickerItem
          label="label1"
          value={1}
        />
        <PickerItem
          label="label2"
          value={2}
        />
      </Picker>,
    },
    "ref": null,
    "rendered": Object {
      "instance": null,
      "key": undefined,
      "nodeType": "class",
      "props": Object {
        "children": Array [
          <PickerItem
            label="label1"
            value={1}
          />,
          <PickerItem
            label="label2"
            value={2}
          />,
        ],
        "mode": "dialog",
        "onValueChange": [Function],
        "selectedValue": 0,
        "style": Object {
          "height": 50,
          "width": 100,
        },
      },
      "ref": null,
      "rendered": Array [
        Object {
          "instance": null,
          "key": "1",
          "nodeType": "class",
          "props": Object {
            "label": "label1",
            "value": 1,
          },
          "ref": null,
          "rendered": null,
          "type": [Function],
        },
        Object {
          "instance": null,
          "key": "2",
          "nodeType": "class",
          "props": Object {
            "label": "label2",
            "value": 2,
          },
          "ref": null,
          "rendered": null,
          "type": [Function],
        },
      ],
      "type": [Function],
    },
    "type": [Function],
  },
  Symbol(enzyme.__nodes__): Array [
    Object {
      "instance": null,
      "key": undefined,
      "nodeType": "class",
      "props": Object {
        "children": <Picker
          mode="dialog"
          onValueChange={[Function]}
          selectedValue={0}
          style={
            Object {
              "height": 50,
              "width": 100,
            }
          }
        >
          <PickerItem
            label="label1"
            value={1}
          />
          <PickerItem
            label="label2"
            value={2}
          />
        </Picker>,
      },
      "ref": null,
      "rendered": Object {
        "instance": null,
        "key": undefined,
        "nodeType": "class",
        "props": Object {
          "children": Array [
            <PickerItem
              label="label1"
              value={1}
            />,
            <PickerItem
              label="label2"
              value={2}
            />,
          ],
          "mode": "dialog",
          "onValueChange": [Function],
          "selectedValue": 0,
          "style": Object {
            "height": 50,
            "width": 100,
          },
        },
        "ref": null,
        "rendered": Array [
          Object {
            "instance": null,
            "key": "1",
            "nodeType": "class",
            "props": Object {
              "label": "label1",
              "value": 1,
            },
            "ref": null,
            "rendered": null,
            "type": [Function],
          },
          Object {
            "instance": null,
            "key": "2",
            "nodeType": "class",
            "props": Object {
              "label": "label2",
              "value": 2,
            },
            "ref": null,
            "rendered": null,
            "type": [Function],
          },
        ],
        "type": [Function],
      },
      "type": [Function],
    },
  ],
  Symbol(enzyme.__options__): Object {
    "adapter": ReactSixteenAdapter {
      "options": Object {
        "enableComponentDidUpdateOnSetState": true,
      },
    },
  },
}
`;
