// Jest Snapshot v1, https://goo.gl/fbAQLP

exports[`MyComponent should render correctly 1`] = `
ShallowWrapper {
  "length": 1,
  Symbol(enzyme.__root__): [Circular],
  Symbol(enzyme.__unrendered__): <TextInputWithLabel
    labelText="Default text"
    onChange={[MockFunction]}
    value="Place holder text"
  />,
  Symbol(enzyme.__renderer__): Object {
    "batchedUpdates": [Function],
    "getNode": [Function],
    "render": [Function],
    "simulateEvent": [Function],
    "unmount": [Function],
  },
  Symbol(enzyme.__node__): Object {
    "instance": null,
    "key": undefined,
    "nodeType": "class",
    "props": Object {
      "children": Array [
        <Text
          accessible={true}
          allowFontScaling={true}
          ellipsizeMode="tail"
        >
          Default text
        </Text>,
        <TextInput
          allowFontScaling={true}
          labelText="Default text"
          multiline={true}
          onChange={[MockFunction]}
          value="Place holder text"
        />,
      ],
    },
    "ref": null,
    "rendered": Array [
      Object {
        "instance": null,
        "key": undefined,
        "nodeType": "class",
        "props": Object {
          "accessible": true,
          "allowFontScaling": true,
          "children": "Default text",
          "ellipsizeMode": "tail",
        },
        "ref": null,
        "rendered": "Default text",
        "type": [Function],
      },
      Object {
        "instance": null,
        "key": undefined,
        "nodeType": "class",
        "props": Object {
          "allowFontScaling": true,
          "labelText": "Default text",
          "multiline": true,
          "onChange": [MockFunction],
          "value": "Place holder text",
        },
        "ref": null,
        "rendered": null,
        "type": [Function],
      },
    ],
    "type": [Function],
  },
  Symbol(enzyme.__nodes__): Array [
    Object {
      "instance": null,
      "key": undefined,
      "nodeType": "class",
      "props": Object {
        "children": Array [
          <Text
            accessible={true}
            allowFontScaling={true}
            ellipsizeMode="tail"
          >
            Default text
          </Text>,
          <TextInput
            allowFontScaling={true}
            labelText="Default text"
            multiline={true}
            onChange={[MockFunction]}
            value="Place holder text"
          />,
        ],
      },
      "ref": null,
      "rendered": Array [
        Object {
          "instance": null,
          "key": undefined,
          "nodeType": "class",
          "props": Object {
            "accessible": true,
            "allowFontScaling": true,
            "children": "Default text",
            "ellipsizeMode": "tail",
          },
          "ref": null,
          "rendered": "Default text",
          "type": [Function],
        },
        Object {
          "instance": null,
          "key": undefined,
          "nodeType": "class",
          "props": Object {
            "allowFontScaling": true,
            "labelText": "Default text",
            "multiline": true,
            "onChange": [MockFunction],
            "value": "Place holder text",
          },
          "ref": null,
          "rendered": null,
          "type": [Function],
        },
      ],
      "type": [Function],
    },
  ],
  Symbol(enzyme.__options__): Object {
    "adapter": ReactSixteenAdapter {
      "options": Object {
        "enableComponentDidUpdateOnSetState": true,
      },
    },
  },
}
`;
